S xxy
 Pxxy
 xPxy
 xxPy
 xxyQ 
 xxRy
 xxS 
 xRx
 xS 
 Rx
 S 
R 
 T 
 Uy
F y
