Saaaaaa
aSaaaaa
aaSaaaa
aaaSaaa
aaaaSaa
aaaaaSa
aaaaaaS 
aaaaaaF 
