S abaa
 Babaa
 aCbaa
 abDaa
 abaBa
 abaaC 
 abaaX 
 abaEa
 abaG 
 abEa
 abG 
 aEb
 aG 
 Ea
 G 
E 
 H 
 Iy
F y
