S baaaaa
 Bbaaaaa
 Sbaaaaa
 bBaaaaa
 bSaaaaa
 baBaaaa
 baSaaaa
 baaBaaa
 baaSaaa
 baaaBaa
 baaaSaa
 baaaaBa
 baaaaSa
 baaaaaB 
 baaaaaC 
 baaaaDa
 baaaaCb
 baaaDab
 baaaCbb
 baaDabb
 baaCbbb
 baDabbb
 baCbbbb
 bDabbbb
 bCbbbbb
 Dbbbbbb
 Eabbbbb
G abbbbb
 Xabbbbb
 H bbbbb
  Ibbbbb
  Lbbbbb
 M bbbbb
 Obbbbbb
 bHbbbbb
 bbIbbbb
 bbLbbbb
 bMbbbbb
 bObbbbb
 bbHbbbb
 bbbIbbb
 bbbLbbb
 bbMbbbb
 bbObbbb
 bbbHbbb
 bbbbIbb
 bbbbLbb
 bbbMbbb
 bbbObbb
 bbbbHbb
 bbbbbIb
 bbbbbLb
 bbbbMbb
 bbbbObb
 bbbbbHb
 bbbbbbI 
 bbbbbZb
 bbbbbY 
 bbbbUb
 bbbbYb
 bbbUbb
 bbbYbb
 bbUbbb
 bbYbbb
 bUbbbb
 bYbbbb
 Ubbbbb
 Ybbbbb
U bbbbb
F bbbbb
